--------------------------------------------------------
| 00 | 00 | 00 | 00 | 00 | 00 | 00 | 00 | 00 | 00 | 00 | 
--------------------------------------------------------
| 00 | 00 | 10 | 10 | 10 | 10 | 10 | 10 | 10 | 10 | 10 | 
--------------------------------------------------------
| 00 | 00 | 10 | 10 | 10 | 60 | 60 | 70 | 70 | 70 | 70 | 
--------------------------------------------------------
| 00 | 00 | 10 | 10 | 30 | 60 | 60 | 70 | 70 | 90 | 90 | 
--------------------------------------------------------
| 00 | 00 | 10 | 50 | 50 | 60 | 60 | 80 | 110 | 110 | 120 | 
--------------------------------------------------------


--------------------------------------------------------
| 00 | 00 | 00 | 00 | 00 | 00 | 00 | 00 | 00 | 00 | 00 | 
--------------------------------------------------------
| 00 | 00 | 10 | 10 | -- | 10 | 10 | 10 | -- | -- | 10 | 
--------------------------------------------------------
| 00 | -- | -- | 10 | -- | -- | 60 | 70 | -- | -- | 70 | 
--------------------------------------------------------
| 00 | -- | -- | -- | -- | -- | -- | 70 | -- | -- | 90 | 
--------------------------------------------------------
| 00 | -- | -- | -- | -- | -- | -- | -- | -- | -- | 120 | 
--------------------------------------------------------


